// Jest Snapshot v1, https://goo.gl/fbAQLP

exports[`Components should allow to add a new group and add components 1`] = `
{
  "defaultGroup": ComponentsGroup {
    "components": [],
    "id": "other",
    "name": [Function],
    "type": "group",
    "usable": true,
  },
  "groups": [
    ComponentsGroup {
      "components": [
        Component {
          "construct": undefined,
          "copyable": true,
          "deserialize": undefined,
          "disallow": [],
          "draggable": true,
          "droppable": true,
          "duplicable": true,
          "duplicate": undefined,
          "editable": true,
          "getContainers": undefined,
          "group": "test",
          "hasCustomInnerContent": false,
          "icon": undefined,
          "id": "test",
          "name": "",
          "options": [],
          "render": undefined,
          "sanitize": undefined,
          "serialize": undefined,
          "settings": ComponentSettingsForm {
            "defaults": {},
            "fields": [],
            "floatingSettings": undefined,
            "title": undefined,
          },
          "type": "component",
          "usable": true,
        },
      ],
      "id": "test",
      "name": undefined,
      "type": "group",
      "usable": true,
    },
  ],
}
`;
