// Vitest Snapshot v1, https://vitest.dev/guide/snapshot.html

exports[`Settings > should allow to add a new tab and add settings to it 1`] = `
[
  ComponentSettingsTab {
    "condition": undefined,
    "fields": [],
    "id": "general",
    "priority": undefined,
    "title": [Function],
    "type": "tab",
  },
  ComponentSettingsTab {
    "condition": undefined,
    "fields": [
      ComponentSettingsField {
        "condition": undefined,
        "default": undefined,
        "description": undefined,
        "display": [Function],
        "displayable": undefined,
        "fields": [],
        "id": undefined,
        "info": undefined,
        "key": "test",
        "label": undefined,
        "options": undefined,
        "placeholder": undefined,
        "priority": undefined,
        "props": undefined,
        "tab": "test",
        "type": "text",
        "valueType": undefined,
      },
      ComponentSettingsField {
        "condition": undefined,
        "default": undefined,
        "description": undefined,
        "display": [Function],
        "displayable": undefined,
        "fields": [],
        "id": undefined,
        "info": undefined,
        "key": "foo",
        "label": undefined,
        "options": undefined,
        "placeholder": undefined,
        "priority": undefined,
        "props": undefined,
        "tab": "test",
        "type": "text",
        "valueType": undefined,
      },
    ],
    "id": "test",
    "priority": undefined,
    "title": undefined,
    "type": "tab",
  },
]
`;
